<html>
<body>
<pre>
<h1>µVision Build Log</h1>
<h2>Tool Versions:</h2>
IDE-Version: ¦ÌVision V5.21.1.0
Copyright (C) 2016 ARM Ltd and ARM Germany GmbH. All rights reserved.
License Information: a 995633066@qq.com, 2, LIC=YA39H-WAFN3-PCIJ8-3ESN6-4QU6I-DF05U
 
Tool Versions:
Toolchain:       MDK-ARM Plus  Version: 5.21a
Toolchain Path:  C:\Keil_v5\ARM\ARMCC\Bin
C Compiler:      Armcc.exe V5.06 update 3 (build 300)
Assembler:       Armasm.exe V5.06 update 3 (build 300)
Linker/Locator:  ArmLink.exe V5.06 update 3 (build 300)
Library Manager: ArmAr.exe V5.06 update 3 (build 300)
Hex Converter:   FromElf.exe V5.06 update 3 (build 300)
CPU DLL:         SARMCM3.DLL V5.21a
Dialog DLL:      DARMSTM.DLL V1.66.0.1
Target DLL:      STLink\ST-LINKIII-KEIL_SWO.dll V2.0.18.0
Dialog DLL:      TARMSTM.DLL V1.65.0.0
 
<h2>Project:</h2>
D:\Users\99563\Desktop\SMART-HOLDER\smart_holder_mdk\project\gpio.uvprojx
Project File Date:  05/02/2021

<h2>Output:</h2>
*** Using Compiler 'V5.06 update 3 (build 300)', folder: 'C:\Keil_v5\ARM\ARMCC\Bin'
Build target 'Gpio'
compiling board.c...
linking...
Program Size: Code=22720 RO-data=2224 RW-data=328 ZI-data=15256  
FromELF: creating hex file...
".\Objects\gpio.axf" - 0 Error(s), 0 Warning(s).

<h2>Software Packages used:</h2>

Package Vendor: RealThread
                https://www.rt-thread.org/download/mdk/RealThread.RT-Thread.3.1.3.pack
                RealThread.RT-Thread::RTOS:shell:3.1.3
                RT-Thread Software Components
   * Component: shell Version: 3.1.3
   * Component: kernel Version: 3.1.3

<h2>Collection of Component include folders:</h2>
  D:\Users\99563\Desktop\SMART-HOLDER\smart_holder_mdk\project\RTE
  D:\Users\99563\Desktop\SMART-HOLDER\smart_holder_mdk\project\RTE\RTOS
  D:\Keil_v5\ARM\PACK\Keil\STM32F1xx_DFP\1.0.5\Device\Include
  D:\Keil_v5\ARM\PACK\RealThread\RT-Thread\3.1.3\components\finsh
  D:\Keil_v5\ARM\PACK\RealThread\RT-Thread\3.1.3\include

<h2>Collection of Component Files used:</h2>

   * Component: RealThread.RT-Thread::RTOS:shell:3.1.3
      Source file:   components\finsh\msh.c
      Source file:   components\finsh\shell.c
      Source file:   components\finsh\cmd.c

   * Component: RealThread.RT-Thread::RTOS:kernel:3.1.3
      Include file:  bsp\rtconfig.h
      Source file:   src\object.c
      Source file:   src\thread.c
      Source file:   src\components.c
      Source file:   src\ipc.c
      Source file:   src\mem.c
      Source file:   src\clock.c
      Source file:   src\timer.c
      Source file:   libcpu\arm\cortex-m3\context_rvds.S
      Source file:   libcpu\arm\cortex-m3\cpuport.c
      Source file:   src\kservice.c
      Source file:   bsp\board.c
      Source file:   src\irq.c
      Source file:   src\scheduler.c
      Source file:   src\idle.c
Build Time Elapsed:  00:00:01
</pre>
</body>
</html>
